// Vitest Snapshot v1, https://vitest.dev/guide/snapshot.html

exports[`HarvestLinks > should match the snapshot if there are links 1`] = `
<div
  aria-describedby="radix-:r2:"
  aria-labelledby="radix-:r1:"
  class="fixed left-[50%] top-[50%] z-50 grid w-full max-w-lg translate-x-[-50%] translate-y-[-50%] gap-4 border bg-background p-6 shadow-lg duration-200 data-[state=open]:animate-in data-[state=closed]:animate-out data-[state=closed]:fade-out-0 data-[state=open]:fade-in-0 data-[state=closed]:zoom-out-95 data-[state=open]:zoom-in-95 data-[state=closed]:slide-out-to-left-1/2 data-[state=closed]:slide-out-to-top-[48%] data-[state=open]:slide-in-from-left-1/2 data-[state=open]:slide-in-from-top-[48%] sm:rounded-lg md:w-full"
  data-state="open"
  id="radix-:r0:"
  role="dialog"
  style="pointer-events: auto;"
  tabindex="-1"
>
  <div
    class="flex flex-col space-y-1.5 text-center sm:text-left"
  >
    <h2
      class="text-lg font-semibold leading-none tracking-tight"
      id="radix-:r1:"
    >
      Found the following links in the email
    </h2>
    <p
      class="text-sm text-muted-foreground"
      id="radix-:r2:"
    >
      Click a link to copy it to your clipboard
    </p>
    <ul
      class="grid auto-rows-fr grid-cols-2 place-items-center gap-x-2 gap-y-8 pt-8"
    >
      <li
        class="flex cursor-pointer justify-center"
        data-state="closed"
      >
        Shuttle
      </li>
      <li
        class="flex cursor-pointer justify-center"
        data-state="closed"
      >
        <img
          src="mock-src"
          style="max-width: 80%;"
        />
        
        
      </li>
    </ul>
  </div>
  <button
    class="absolute right-4 top-4 rounded-sm opacity-70 ring-offset-background transition-opacity hover:opacity-100 focus:outline-none focus:ring-2 focus:ring-ring focus:ring-offset-2 disabled:pointer-events-none data-[state=open]:bg-accent data-[state=open]:text-muted-foreground"
    type="button"
  >
    <svg
      class="h-4 w-4"
      fill="none"
      height="15"
      viewBox="0 0 15 15"
      width="15"
      xmlns="http://www.w3.org/2000/svg"
    >
      <path
        clip-rule="evenodd"
        d="M11.7816 4.03157C12.0062 3.80702 12.0062 3.44295 11.7816 3.2184C11.5571 2.99385 11.193 2.99385 10.9685 3.2184L7.50005 6.68682L4.03164 3.2184C3.80708 2.99385 3.44301 2.99385 3.21846 3.2184C2.99391 3.44295 2.99391 3.80702 3.21846 4.03157L6.68688 7.49999L3.21846 10.9684C2.99391 11.193 2.99391 11.557 3.21846 11.7816C3.44301 12.0061 3.80708 12.0061 4.03164 11.7816L7.50005 8.31316L10.9685 11.7816C11.193 12.0061 11.5571 12.0061 11.7816 11.7816C12.0062 11.557 12.0062 11.193 11.7816 10.9684L8.31322 7.49999L11.7816 4.03157Z"
        fill="currentColor"
        fill-rule="evenodd"
      />
    </svg>
    <span
      class="sr-only"
    >
      Close
    </span>
  </button>
</div>
`;

exports[`HarvestLinks > should match the snapshot if there are no links 1`] = `
<div
  aria-describedby="radix-:r8:"
  aria-labelledby="radix-:r7:"
  class="fixed left-[50%] top-[50%] z-50 grid w-full max-w-lg translate-x-[-50%] translate-y-[-50%] gap-4 border bg-background p-6 shadow-lg duration-200 data-[state=open]:animate-in data-[state=closed]:animate-out data-[state=closed]:fade-out-0 data-[state=open]:fade-in-0 data-[state=closed]:zoom-out-95 data-[state=open]:zoom-in-95 data-[state=closed]:slide-out-to-left-1/2 data-[state=closed]:slide-out-to-top-[48%] data-[state=open]:slide-in-from-left-1/2 data-[state=open]:slide-in-from-top-[48%] sm:rounded-lg md:w-full"
  data-state="open"
  id="radix-:r6:"
  role="dialog"
  style="pointer-events: auto;"
  tabindex="-1"
>
  <div
    class="flex flex-col space-y-1.5 text-center sm:text-left"
  >
    <h2
      class="text-lg font-semibold leading-none tracking-tight"
      id="radix-:r7:"
    >
      Found the following links in the email
    </h2>
    <p
      class="text-sm text-muted-foreground"
      id="radix-:r8:"
    >
      Click a link to copy it to your clipboard
    </p>
    <p
      class="text-sm text-muted-foreground"
      id="radix-:r8:"
    >
      No links were found in the email
    </p>
  </div>
  <button
    class="absolute right-4 top-4 rounded-sm opacity-70 ring-offset-background transition-opacity hover:opacity-100 focus:outline-none focus:ring-2 focus:ring-ring focus:ring-offset-2 disabled:pointer-events-none data-[state=open]:bg-accent data-[state=open]:text-muted-foreground"
    type="button"
  >
    <svg
      class="h-4 w-4"
      fill="none"
      height="15"
      viewBox="0 0 15 15"
      width="15"
      xmlns="http://www.w3.org/2000/svg"
    >
      <path
        clip-rule="evenodd"
        d="M11.7816 4.03157C12.0062 3.80702 12.0062 3.44295 11.7816 3.2184C11.5571 2.99385 11.193 2.99385 10.9685 3.2184L7.50005 6.68682L4.03164 3.2184C3.80708 2.99385 3.44301 2.99385 3.21846 3.2184C2.99391 3.44295 2.99391 3.80702 3.21846 4.03157L6.68688 7.49999L3.21846 10.9684C2.99391 11.193 2.99391 11.557 3.21846 11.7816C3.44301 12.0061 3.80708 12.0061 4.03164 11.7816L7.50005 8.31316L10.9685 11.7816C11.193 12.0061 11.5571 12.0061 11.7816 11.7816C12.0062 11.557 12.0062 11.193 11.7816 10.9684L8.31322 7.49999L11.7816 4.03157Z"
        fill="currentColor"
        fill-rule="evenodd"
      />
    </svg>
    <span
      class="sr-only"
    >
      Close
    </span>
  </button>
</div>
`;
